402 INFO: PyInstaller: 6.21.0, contrib hooks: 2026.6
403 INFO: Python: 3.12.10
507 INFO: Platform: Windows-11-10.0.26300-SP0
507 INFO: Python environment: C:\Users\19294\AppData\Local\Programs\Python\Python312
557 INFO: Removing temporary files and cleaning cache in C:\Users\19294\AppData\Local\pyinstaller
13799 INFO: Module search paths (PYTHONPATH):
['E:\\DSH-Workspace\\pojia-clean',
 'F:\\Users\\19294\\AppData\\Local\\Programs\\WorkBuddy\\resources\\app.asar.unpacked\\cli\\vendor\\shim',
 'C:\\Users\\19294\\AppData\\Local\\Programs\\Python\\Python312\\python312.zip',
 'C:\\Users\\19294\\AppData\\Local\\Programs\\Python\\Python312\\DLLs',
 'C:\\Users\\19294\\AppData\\Local\\Programs\\Python\\Python312\\Lib',
 'C:\\Users\\19294\\AppData\\Local\\Programs\\Python\\Python312',
 'C:\\Users\\19294\\AppData\\Local\\Programs\\Python\\Python312\\Lib\\site-packages',
 'E:\\DSH-Workspace\\pojia-clean']
C:\Users\19294\AppData\Local\Programs\Python\Python312\Lib\site-packages\requests\__init__.py:86: RequestsDependencyWarning: Unable to find acceptable character detection dependency (chardet or charset_normalizer).
  warnings.warn(
pygame 2.6.1 (SDL 2.28.4, Python 3.12.10)
Hello from the pygame community. https://www.pygame.org/contribute.html
24060 INFO: Appending 'datas' from .spec
24060 INFO: checking Analysis
24060 INFO: Building Analysis because Analysis-00.toc is non existent
24060 INFO: Looking for Python shared library...
24061 INFO: Using Python shared library: C:\Users\19294\AppData\Local\Programs\Python\Python312\python312.dll
24061 INFO: Running Analysis Analysis-00.toc
24061 INFO: Target bytecode optimization level: 0
24061 INFO: Initializing module dependency graph...
24064 INFO: Initializing module graph hook caches...
24213 INFO: Analyzing modules for base_library.zip ...
27986 INFO: Processing standard module hook 'hook-heapq.py' from 'C:\\Users\\19294\\AppData\\Local\\Programs\\Python\\Python312\\Lib\\site-packages\\PyInstaller\\hooks'
28181 INFO: Processing standard module hook 'hook-encodings.py' from 'C:\\Users\\19294\\AppData\\Local\\Programs\\Python\\Python312\\Lib\\site-packages\\PyInstaller\\hooks'
31662 INFO: Processing standard module hook 'hook-math.py' from 'C:\\Users\\19294\\AppData\\Local\\Programs\\Python\\Python312\\Lib\\site-packages\\PyInstaller\\hooks'
32093 INFO: Processing standard module hook 'hook-pickle.py' from 'C:\\Users\\19294\\AppData\\Local\\Programs\\Python\\Python312\\Lib\\site-packages\\PyInstaller\\hooks'
35587 INFO: Caching module dependency graph...
35955 INFO: Analyzing E:\DSH-Workspace\pojia-clean\破甲GUI.py
36317 INFO: Processing standard module hook 'hook-webbrowser.py' from 'C:\\Users\\19294\\AppData\\Local\\Programs\\Python\\Python312\\Lib\\site-packages\\PyInstaller\\hooks'
36551 INFO: Processing standard module hook 'hook-multiprocessing.util.py' from 'C:\\Users\\19294\\AppData\\Local\\Programs\\Python\\Python312\\Lib\\site-packages\\PyInstaller\\hooks'
37189 INFO: Processing standard module hook 'hook-_ctypes.py' from 'C:\\Users\\19294\\AppData\\Local\\Programs\\Python\\Python312\\Lib\\site-packages\\PyInstaller\\hooks'
37274 INFO: Processing standard module hook 'hook-webview.py' from 'C:\\Users\\19294\\AppData\\Local\\Programs\\Python\\Python312\\Lib\\site-packages\\webview\\__pyinstaller'
37504 INFO: Processing standard module hook 'hook-platform.py' from 'C:\\Users\\19294\\AppData\\Local\\Programs\\Python\\Python312\\Lib\\site-packages\\PyInstaller\\hooks'
39489 INFO: Processing standard module hook 'hook-psycopg2.py' from 'C:\\Users\\19294\\AppData\\Local\\Programs\\Python\\Python312\\Lib\\site-packages\\_pyinstaller_hooks_contrib\\stdhooks'
41044 INFO: Processing pre-safe-import-module hook 'hook-typing_extensions.py' from 'C:\\Users\\19294\\AppData\\Local\\Programs\\Python\\Python312\\Lib\\site-packages\\PyInstaller\\hooks\\pre_safe_import_module'
41054 INFO: SetuptoolsInfo: initializing cached setuptools info...
44181 INFO: Processing pre-safe-import-module hook 'hook-distutils.py' from 'C:\\Users\\19294\\AppData\\Local\\Programs\\Python\\Python312\\Lib\\site-packages\\PyInstaller\\hooks\\pre_safe_import_module'
44200 INFO: Processing standard module hook 'hook-setuptools.py' from 'C:\\Users\\19294\\AppData\\Local\\Programs\\Python\\Python312\\Lib\\site-packages\\PyInstaller\\hooks'
44435 INFO: Processing standard module hook 'hook-sysconfig.py' from 'C:\\Users\\19294\\AppData\\Local\\Programs\\Python\\Python312\\Lib\\site-packages\\PyInstaller\\hooks'
44480 INFO: Processing pre-safe-import-module hook 'hook-jaraco.py' from 'C:\\Users\\19294\\AppData\\Local\\Programs\\Python\\Python312\\Lib\\site-packages\\PyInstaller\\hooks\\pre_safe_import_module'
44483 INFO: Setuptools: 'jaraco' appears to be a full setuptools-vendored copy - creating alias to 'setuptools._vendor.jaraco'!
44520 INFO: Processing pre-safe-import-module hook 'hook-more_itertools.py' from 'C:\\Users\\19294\\AppData\\Local\\Programs\\Python\\Python312\\Lib\\site-packages\\PyInstaller\\hooks\\pre_safe_import_module'
44522 INFO: Setuptools: 'more_itertools' appears to be a setuptools-vendored copy - creating alias to 'setuptools._vendor.more_itertools'!
45148 INFO: Processing pre-safe-import-module hook 'hook-packaging.py' from 'C:\\Users\\19294\\AppData\\Local\\Programs\\Python\\Python312\\Lib\\site-packages\\PyInstaller\\hooks\\pre_safe_import_module'
45621 INFO: Processing standard module hook 'hook-setuptools._vendor.jaraco.text.py' from 'C:\\Users\\19294\\AppData\\Local\\Programs\\Python\\Python312\\Lib\\site-packages\\PyInstaller\\hooks'
45626 INFO: Processing pre-safe-import-module hook 'hook-importlib_resources.py' from 'C:\\Users\\19294\\AppData\\Local\\Programs\\Python\\Python312\\Lib\\site-packages\\PyInstaller\\hooks\\pre_safe_import_module'
46104 INFO: Processing pre-safe-import-module hook 'hook-backports.py' from 'C:\\Users\\19294\\AppData\\Local\\Programs\\Python\\Python312\\Lib\\site-packages\\PyInstaller\\hooks\\pre_safe_import_module'
46106 INFO: Setuptools: 'backports' appears to be a partial setuptools-vendored copy - extending search paths to ['C:\\Users\\19294\\AppData\\Local\\Programs\\Python\\Python312\\Lib\\site-packages\\setuptools\\_vendor\\backports', 'C:\\Users\\19294\\AppData\\Local\\Programs\\Python\\Python312\\Lib\\site-packages\\backports']!
46110 INFO: Processing pre-safe-import-module hook 'hook-backports.tarfile.py' from 'C:\\Users\\19294\\AppData\\Local\\Programs\\Python\\Python312\\Lib\\site-packages\\PyInstaller\\hooks\\pre_safe_import_module'
46111 INFO: Setuptools: 'backports.tarfile' appears to be a setuptools-vendored copy - creating alias to 'setuptools._vendor.backports.tarfile'!
46347 INFO: Processing standard module hook 'hook-backports.py' from 'C:\\Users\\19294\\AppData\\Local\\Programs\\Python\\Python312\\Lib\\site-packages\\_pyinstaller_hooks_contrib\\stdhooks'
46544 INFO: Processing pre-safe-import-module hook 'hook-importlib_metadata.py' from 'C:\\Users\\19294\\AppData\\Local\\Programs\\Python\\Python312\\Lib\\site-packages\\PyInstaller\\hooks\\pre_safe_import_module'
46547 INFO: Setuptools: 'importlib_metadata' appears to be a setuptools-vendored copy - creating alias to 'setuptools._vendor.importlib_metadata'!
46607 INFO: Processing standard module hook 'hook-setuptools._vendor.importlib_metadata.py' from 'C:\\Users\\19294\\AppData\\Local\\Programs\\Python\\Python312\\Lib\\site-packages\\PyInstaller\\hooks'
46675 INFO: Processing pre-safe-import-module hook 'hook-zipp.py' from 'C:\\Users\\19294\\AppData\\Local\\Programs\\Python\\Python312\\Lib\\site-packages\\PyInstaller\\hooks\\pre_safe_import_module'
46678 INFO: Setuptools: 'zipp' appears to be a setuptools-vendored copy - creating alias to 'setuptools._vendor.zipp'!
47233 INFO: Processing pre-safe-import-module hook 'hook-tomli.py' from 'C:\\Users\\19294\\AppData\\Local\\Programs\\Python\\Python312\\Lib\\site-packages\\PyInstaller\\hooks\\pre_safe_import_module'
47235 INFO: Setuptools: 'tomli' appears to be a setuptools-vendored copy - creating alias to 'setuptools._vendor.tomli'!
48519 INFO: Processing pre-safe-import-module hook 'hook-wheel.py' from 'C:\\Users\\19294\\AppData\\Local\\Programs\\Python\\Python312\\Lib\\site-packages\\PyInstaller\\hooks\\pre_safe_import_module'
48520 INFO: Setuptools: 'wheel' appears to be a setuptools-vendored copy - creating alias to 'setuptools._vendor.wheel'!
48672 INFO: Processing standard module hook 'hook-zope.interface.py' from 'C:\\Users\\19294\\AppData\\Local\\Programs\\Python\\Python312\\Lib\\site-packages\\PyInstaller\\hooks'
48825 INFO: Processing standard module hook 'hook-difflib.py' from 'C:\\Users\\19294\\AppData\\Local\\Programs\\Python\\Python312\\Lib\\site-packages\\PyInstaller\\hooks'
52866 INFO: Processing standard module hook 'hook-xml.py' from 'C:\\Users\\19294\\AppData\\Local\\Programs\\Python\\Python312\\Lib\\site-packages\\PyInstaller\\hooks'
55229 INFO: Processing standard module hook 'hook-pygments.py' from 'C:\\Users\\19294\\AppData\\Local\\Programs\\Python\\Python312\\Lib\\site-packages\\PyInstaller\\hooks'
61297 INFO: Processing standard module hook 'hook-mako.codegen.py' from 'C:\\Users\\19294\\AppData\\Local\\Programs\\Python\\Python312\\Lib\\site-packages\\_pyinstaller_hooks_contrib\\stdhooks'
61699 INFO: Processing standard module hook 'hook-jinja2.py' from 'C:\\Users\\19294\\AppData\\Local\\Programs\\Python\\Python312\\Lib\\site-packages\\_pyinstaller_hooks_contrib\\stdhooks'
63069 INFO: Processing pre-safe-import-module hook 'hook-gi.py' from 'C:\\Users\\19294\\AppData\\Local\\Programs\\Python\\Python312\\Lib\\site-packages\\PyInstaller\\hooks\\pre_safe_import_module'
63340 INFO: Processing standard module hook 'hook-clr.py' from 'C:\\Users\\19294\\AppData\\Local\\Programs\\Python\\Python312\\Lib\\site-packages\\pythonnet\\_pyinstaller'
63493 INFO: Processing standard module hook 'hook-clr_loader.py' from 'C:\\Users\\19294\\AppData\\Local\\Programs\\Python\\Python312\\Lib\\site-packages\\_pyinstaller_hooks_contrib\\stdhooks'
63811 INFO: Processing standard module hook 'hook-pycparser.py' from 'C:\\Users\\19294\\AppData\\Local\\Programs\\Python\\Python312\\Lib\\site-packages\\_pyinstaller_hooks_contrib\\stdhooks'
65832 INFO: Processing standard module hook 'hook-xml.etree.cElementTree.py' from 'C:\\Users\\19294\\AppData\\Local\\Programs\\Python\\Python312\\Lib\\site-packages\\PyInstaller\\hooks'
66014 INFO: Processing module hooks (post-graph stage)...
66016 WARNING: Hidden import "mx.DateTime" not found!
66016 WARNING: Hidden import "pycparser.lextab" not found!
66016 WARNING: Hidden import "pycparser.yacctab" not found!
66112 INFO: Processing standard module hook 'hook-PIL.py' from 'C:\\Users\\19294\\AppData\\Local\\Programs\\Python\\Python312\\Lib\\site-packages\\PyInstaller\\hooks'
66360 INFO: Processing standard module hook 'hook-PIL.Image.py' from 'C:\\Users\\19294\\AppData\\Local\\Programs\\Python\\Python312\\Lib\\site-packages\\PyInstaller\\hooks'
67814 INFO: Processing standard module hook 'hook-numpy.py' from 'C:\\Users\\19294\\AppData\\Local\\Programs\\Python\\Python312\\Lib\\site-packages\\PyInstaller\\hooks'
71818 INFO: Processing standard module hook 'hook-psutil.py' from 'C:\\Users\\19294\\AppData\\Local\\Programs\\Python\\Python312\\Lib\\site-packages\\_pyinstaller_hooks_contrib\\stdhooks'
73199 INFO: Processing standard module hook 'hook-xml.dom.domreg.py' from 'C:\\Users\\19294\\AppData\\Local\\Programs\\Python\\Python312\\Lib\\site-packages\\PyInstaller\\hooks'
73871 INFO: Processing standard module hook 'hook-PIL.ImageFilter.py' from 'C:\\Users\\19294\\AppData\\Local\\Programs\\Python\\Python312\\Lib\\site-packages\\PyInstaller\\hooks'
79255 INFO: Processing standard module hook 'hook-PIL.SpiderImagePlugin.py' from 'C:\\Users\\19294\\AppData\\Local\\Programs\\Python\\Python312\\Lib\\site-packages\\PyInstaller\\hooks'
79369 INFO: Performing binary vs. data reclassification (128 entries)
79656 INFO: Looking for ctypes DLLs
79932 INFO: Analyzing run-time hooks ...
79943 INFO: Including run-time hook 'pyi_rth_inspect.py' from 'C:\\Users\\19294\\AppData\\Local\\Programs\\Python\\Python312\\Lib\\site-packages\\PyInstaller\\hooks\\rthooks'
79949 INFO: Including run-time hook 'pyi_rth_setuptools.py' from 'C:\\Users\\19294\\AppData\\Local\\Programs\\Python\\Python312\\Lib\\site-packages\\PyInstaller\\hooks\\rthooks'
79953 INFO: Including run-time hook 'pyi_rth_pkgutil.py' from 'C:\\Users\\19294\\AppData\\Local\\Programs\\Python\\Python312\\Lib\\site-packages\\PyInstaller\\hooks\\rthooks'
79959 INFO: Including run-time hook 'pyi_rth_multiprocessing.py' from 'C:\\Users\\19294\\AppData\\Local\\Programs\\Python\\Python312\\Lib\\site-packages\\PyInstaller\\hooks\\rthooks'
80010 INFO: Creating base_library.zip...
80047 INFO: Looking for dynamic libraries
83469 INFO: Extra DLL search directories (AddDllDirectory): ['C:\\Users\\19294\\AppData\\Local\\Programs\\Python\\Python312\\Lib\\site-packages\\numpy.libs', 'C:\\Users\\19294\\AppData\\Local\\Programs\\Python\\Python312\\Lib\\site-packages\\psycopg2_binary.libs']
83470 INFO: Extra DLL search directories (PATH): []
88836 INFO: Warnings written to E:\DSH-Workspace\pojia-clean\build\破甲一键通GUI\warn-破甲一键通GUI.txt
89123 INFO: Graph cross-reference written to E:\DSH-Workspace\pojia-clean\build\破甲一键通GUI\xref-破甲一键通GUI.html
89299 INFO: checking PYZ
89299 INFO: Building PYZ because PYZ-00.toc is non existent
89299 INFO: Building PYZ (ZlibArchive) E:\DSH-Workspace\pojia-clean\build\破甲一键通GUI\PYZ-00.pyz
91002 INFO: Building PYZ (ZlibArchive) E:\DSH-Workspace\pojia-clean\build\破甲一键通GUI\PYZ-00.pyz completed successfully.
91078 INFO: checking PKG
91078 INFO: Building PKG because PKG-00.toc is non existent
91078 INFO: Building PKG (CArchive) 破甲一键通GUI.pkg
102443 INFO: Building PKG (CArchive) 破甲一键通GUI.pkg completed successfully.
102457 INFO: Bootloader C:\Users\19294\AppData\Local\Programs\Python\Python312\Lib\site-packages\PyInstaller\bootloader\Windows-64bit-intel\runw.exe
102457 INFO: checking EXE
102458 INFO: Building EXE because EXE-00.toc is non existent
102458 INFO: Building EXE from EXE-00.toc
103907 INFO: Copying bootloader EXE to E:\DSH-Workspace\pojia-clean\dist\破甲一键通GUI.exe
104030 INFO: Copying icon to EXE
104128 INFO: Copying 0 resources to EXE
104128 INFO: Embedding manifest in EXE
104208 INFO: Appending PKG archive to EXE
104271 INFO: Fixing EXE headers
104826 INFO: Building EXE from EXE-00.toc completed successfully.
104852 INFO: Build complete! The results are available in: E:\DSH-Workspace\pojia-clean\dist
